<h1 id="testing-grunt-md2html-with-embedded-plantuml">Testing grunt-md2html with embedded PlantUML</h1>
<p>This file contains embedded PlantUML:</p>
<p><img src="./myimage-remote.png" alt="myimage-remote"></p>
<p>And some more HTML here.</p>
