<!DOCTYPE html>
<html>
    <head>
        <link rel="stylesheet" type="text/css" href="../../test/fixtures/style.css">
        <title></title>

    </head>

    <body>
        <h1 id="testing-grunt-md2html-with-multiple-file-outputs">Testing grunt-md2html with multiple file outputs</h1>
<p>The output should be split in multiple HTML files, one file per input file.</p>
<p>file: tmp/multiple_files/file1.html</p>
<p>Some GFM:</p>
<pre><code class="lang-js">function() {
    console.log(&#39;this is some java script code&#39;);
}
</code></pre>

    </body>
</html>
