<!DOCTYPE html>
<html>
    <head>
        <link rel="stylesheet" type="text/css" href="../../test/fixtures/style.css">
        <title></title>

    </head>

    <body>
        <h1 id="file-2">File 2</h1>
<p>Should be separated</p>

    </body>
</html>
