<h1> Index </h1>
__Inc1__

<div>Source:spec/fixtures/includes/index.md</div>
