<style type="text/css">
    .hljs-comment,.hljs-title{color:#8d8687}.css .hljs-class,.css .hljs-id,.css .hljs-pseudo,.hljs-attribute,.hljs-name,.hljs-regexp,.hljs-tag,.hljs-variable,.html .hljs-doctype,.ruby .hljs-constant,.xml .hljs-doctype,.xml .hljs-pi,.xml .hljs-tag .hljs-title{color:#ef6155}.hljs-built_in,.hljs-constant,.hljs-literal,.hljs-number,.hljs-params,.hljs-preprocessor{color:#f99b15}.css .hljs-rule .hljs-attribute,.ruby .hljs-class .hljs-title{color:#fec418}.hljs-header,.hljs-inheritance,.hljs-string,.hljs-value,.ruby .hljs-symbol,.xml .hljs-cdata{color:#48b685}.css .hljs-hexcolor{color:#5bc4bf}.coffeescript .hljs-title,.hljs-function,.javascript .hljs-title,.perl .hljs-sub,.python .hljs-decorator,.python .hljs-title,.ruby .hljs-function .hljs-title,.ruby .hljs-title .hljs-keyword{color:#06b6ef}.hljs-keyword,.javascript .hljs-function{color:#815ba4}.hljs{display:block;overflow-x:auto;background:#2f1e2e;color:#a39e9b;padding:.5em;-webkit-text-size-adjust:none}.coffeescript .javascript,.javascript .xml,.tex .hljs-formula,.xml .css,.xml .hljs-cdata,.xml .javascript,.xml .vbscript{opacity:.5}
</style>

<h1 id="some-code">Some Code</h1>
<p>Now follows some javascript code:</p>
<pre><code><span class="hljs-keyword">var</span> f = <span class="hljs-function"><span class="hljs-keyword">function</span>(<span class="hljs-params">var1</span>) </span>{
    <span class="hljs-built_in">console</span>.log(var1);
}
</code></pre><p>Should not interfer with the rest.</p>
