<!DOCTYPE html>
<html>
    <head>
        <link rel="stylesheet" type="text/css" href="../../../spec/fixtures/style.css">
        <title></title>

    </head>

    <body>
        <h1 id="file-3">File 3</h1>
<p>Base: ../../../spec/fixtures</p>

    </body>
</html>
