<h1 id="testing-grunt-md2html-with-single-file-output">Testing grunt-md2html with single file output</h1>
<p>The output should be done in one single HTML file:</p>
<p>tmp/one_file/output.html</p>
<h1 id="file-2">File 2</h1>
<p>Included in the file</p>
