<p>File 1:</p>
<ul>
<li>Basepath: my/base</li>
<li>Dest: tmp/template-vars/multiple.html</li>
<li>Src: spec/fixtures/template-vars/multi_1.md</li>
</ul>
<p>File 2:</p>
<ul>
<li>Basepath: my/base</li>
<li>Dest: tmp/template-vars/multiple.html</li>
<li>Src: spec/fixtures/template-vars/multi_2.md</li>
</ul>
