<ul>
<li>Basepath: my/base</li>
<li>Dest: tmp/template-vars/one_to_one.html</li>
<li>Src: spec/fixtures/template-vars/one_to_one.md</li>
</ul>
