<div id="layout">
Processed files:
- spec/fixtures/template-vars/one_to_one.md

<ul>
<li>Basepath: my/base</li>
<li>Dest: tmp/template-vars/single-layout.html</li>
<li>Src: spec/fixtures/template-vars/one_to_one.md</li>
</ul>

</div>
